// Jest Snapshot v1, https://goo.gl/fbAQLP

exports[`EditLocationUnit renders correctly when location is jurisdiction: form rendered 1`] = `"InstanceidusernameParentNameStatusActiveInactiveLocation CategoryService pointJurisdictionTypeTypeExternal IDgeometryUnit Group23Â SaveCancel"`;
