// Jest Snapshot v1, https://goo.gl/fbAQLP

exports[`containers/pages/locations/locationTagView Test Table Delete 1`] = `null`;

exports[`containers/pages/locations/locationTagView renders without crashing 1`] = `
Object {
  "data": Array [
    Object {
      "active": false,
      "description": "asdasdasdkjh1231",
      "id": 1,
      "key": "1",
      "name": "Edrward 1",
    },
    Object {
      "active": true,
      "description": "asdasdasdkjh1232",
      "id": 2,
      "key": "2",
      "name": "Edrward 2",
    },
    Object {
      "active": false,
      "description": "asdasdasdkjh1233",
      "id": 3,
      "key": "3",
      "name": "Edrward 3",
    },
    Object {
      "active": true,
      "description": "asdasdasdkjh1234",
      "id": 4,
      "key": "4",
      "name": "Edrward 4",
    },
  ],
}
`;
