// Jest Snapshot v1, https://goo.gl/fbAQLP

exports[`CreateEditProduct Page shows broken page: full page text 1`] = `"Loading...Fetching planPlease wait, as we fetch the plan."`;
