// Jest Snapshot v1, https://goo.gl/fbAQLP

exports[`Profile view Page shows broken page: error broken page 1`] = `"ErrorCoughidGo BackBack Home"`;
