// Jest Snapshot v1, https://goo.gl/fbAQLP

exports[`pre confirmation error card renders correctly 1`] = `[Function]`;

exports[`pre confirmation error card renders correctly: full general snapshot 1`] = `"Use a CSV file to add service point inventoryplease fix the errors listed below, then retry csv uploadRow numberErrorsNo DataRetry"`;

exports[`pre confirmation error card renders correctly: table row 1`] = `"Row numberErrors"`;

exports[`pre confirmation error card renders correctly: table row 2`] = `"No Data"`;
