// Jest Snapshot v1, https://goo.gl/fbAQLP

exports[`NewLocationUnit renders correctly when location is jurisdiction: form rendered 1`] = `"InstanceidusernameParentPlease selectNameStatusActiveInactiveLocation CategoryService pointJurisdictionTypeTypeExternal IDgeometryUnit GroupÂ Enter a location group nameSaveCancel"`;
