// Jest Snapshot v1, https://goo.gl/fbAQLP

exports[`opensrp-plans/assignmentTable renders correctly when there is data: tr 0 1`] = `"Assigned areasAssigned teamsActions"`;

exports[`opensrp-plans/assignmentTable renders correctly when there is data: tr 1 1`] = `"IITANANGA, OKASHANDJAOna testOrgEdit areasEdit teams"`;

exports[`opensrp-plans/assignmentTable renders correctly when there is data: tr 2 1`] = `"IITANANGATest Test TeamEdit areasEdit teams"`;

exports[`opensrp-plans/assignmentTable renders correctly when there is data: tr 3 1`] = `"OKASHANDJANAIMA old test teamEdit areasEdit teams"`;

exports[`opensrp-plans/assignmentTable renders correctly when there is data: tr 4 1`] = `"IIYALA N.6, OKANKETE-2, OSHIPUMBU MAKILINDIDI NO 2-1Edit areasEdit teams"`;

exports[`opensrp-plans/assignmentTable test plan jurisdiction assignment: assignment buttons invocation 1`] = `
Array [
  <button
    className="ant-btn ant-btn-link assign-modal"
    disabled={false}
    onClick={[Function]}
    type="button"
  >
    <LoadingIcon
      existIcon={false}
      loading={false}
      prefixCls="ant-btn"
    >
      <CSSMotion
        motionName="ant-btn-loading-icon-motion"
        onAppearActive={[Function]}
        onAppearStart={[Function]}
        onEnterActive={[Function]}
        onEnterStart={[Function]}
        onLeaveActive={[Function]}
        onLeaveStart={[Function]}
        removeOnLeave={true}
        visible={false}
      >
        <DomWrapper />
      </CSSMotion>
    </LoadingIcon>
    <span
      key=".0"
    >
      Edit areas
    </span>
  </button>,
  <button
    className="ant-btn ant-btn-link assign-modal"
    disabled={true}
    onClick={[Function]}
    type="button"
  >
    <LoadingIcon
      existIcon={false}
      loading={false}
      prefixCls="ant-btn"
    >
      <CSSMotion
        motionName="ant-btn-loading-icon-motion"
        onAppearActive={[Function]}
        onAppearStart={[Function]}
        onEnterActive={[Function]}
        onEnterStart={[Function]}
        onLeaveActive={[Function]}
        onLeaveStart={[Function]}
        removeOnLeave={true}
        visible={false}
      >
        <DomWrapper />
      </CSSMotion>
    </LoadingIcon>
    <span
      key=".0"
    >
      Edit teams
    </span>
  </button>,
]
`;

exports[`opensrp-plans/assignmentTable test plan jurisdiction assignment: tr 0 1`] = `"Assigned areasAssigned teamsActions"`;

exports[`opensrp-plans/assignmentTable test plan jurisdiction assignment: tr 1 1`] = `"Edit areasEdit teams"`;

exports[`opensrp-plans/assignmentTable test plan jurisdiction when there is already an assignment: tr 0 1`] = `"Assigned areasAssigned teamsActions"`;

exports[`opensrp-plans/assignmentTable test plan jurisdiction when there is already an assignment: tr 1 1`] = `"IITANANGAOna testOrgEdit areasEdit teams"`;

exports[`opensrp-plans/assignmentTable test plan teams assignment: tr 0 1`] = `"Assigned areasAssigned teamsActions"`;

exports[`opensrp-plans/assignmentTable test plan teams assignment: tr 1 1`] = `"IITANANGAEdit areasEdit teams"`;
