// Jest Snapshot v1, https://goo.gl/fbAQLP

exports[`containers/pages/Home renders without crashing 1`] = `
<Provider
  store={
    Object {
      "dispatch": [Function],
      "getState": [Function],
      "replaceReducer": [Function],
      "subscribe": [Function],
      Symbol(observable): [Function],
    }
  }
>
  <TeamsDetail
    active={true}
    id={1}
    identifier="fcc19470-d599-11e9-bb65-2a2ae2dbcce4"
    name="The Luang"
    type={
      Object {
        "coding": Array [
          Object {
            "code": "team",
            "display": "Team",
            "system": "http://terminology.hl7.org/CodeSystem/team-type",
          },
        ],
      }
    }
  >
    <Spin
      size="small"
      spinning={true}
      wrapperClassName=""
    >
      <div
        className="ant-spin ant-spin-sm ant-spin-spinning"
      >
        <span
          className="ant-spin-dot ant-spin-dot-spin"
        >
          <i
            className="ant-spin-dot-item"
          />
          <i
            className="ant-spin-dot-item"
          />
          <i
            className="ant-spin-dot-item"
          />
          <i
            className="ant-spin-dot-item"
          />
        </span>
      </div>
    </Spin>
  </TeamsDetail>
</Provider>
`;
