// Jest Snapshot v1, https://goo.gl/fbAQLP

exports[`components/TeamsView/table renders without crashing 1`] = `
Object {
  "children": <Router
    history={
      Object {
        "action": "POP",
        "block": [Function],
        "createHref": [Function],
        "go": [Function],
        "goBack": [Function],
        "goForward": [Function],
        "length": 1,
        "listen": [Function],
        "location": Object {
          "hash": "",
          "pathname": "/",
          "search": "",
        },
        "push": [Function],
        "replace": [Function],
      }
    }
  >
    <Table
      accessToken="hunter 2"
      data={
        Array [
          Object {
            "active": false,
            "id": 1,
            "identifier": "mock 1",
            "key": "1",
            "name": "Edrward 1",
          },
          Object {
            "active": true,
            "id": 2,
            "identifier": "mock 2",
            "key": "2",
            "name": "Edrward 2",
          },
          Object {
            "active": false,
            "id": 3,
            "identifier": "mock 3",
            "key": "3",
            "name": "Edrward 3",
          },
          Object {
            "active": true,
            "id": 4,
            "identifier": "mock 4",
            "key": "4",
            "name": "Edrward 4",
          },
        ]
      }
      opensrpBaseURL=""
      setDetail={[Function]}
      setPractitionersList={[Function]}
    />
  </Router>,
  "store": Object {
    "dispatch": [Function],
    "getState": [Function],
    "replaceReducer": [Function],
    "subscribe": [Function],
    Symbol(observable): [Function],
  },
}
`;
