// Jest Snapshot v1, https://goo.gl/fbAQLP

exports[`CreateEditProduct Page renders correctly with store(for editing product): edit form props 1`] = `
Object {
  "initialValues": Object {
    "accountabilityPeriod": 1,
    "appropriateUsage": "staff is trained to use it appropriately",
    "availability": "available",
    "condition": "good condition",
    "isAttractiveItem": true,
    "materialNumber": "MT-123",
    "productName": "Scale",
    "productPhoto": "",
    "serverVersion": 123456,
    "uniqueId": 1,
  },
  "redirectAfterAction": "/product-catalogue",
}
`;

exports[`CreateEditProduct Page renders correctly with store(for editing product): full text snapshot 1`] = `"Edit > ScaleProduct nameMaterial numberAttractive item?yesnoIs it there?availableIs it in good condition?good conditionIs it being used appropriately?staff is trained to use it appropriatelyAccountability period (in months)Photo of the productUploadSubmit"`;

exports[`CreateEditProduct Page renders correctly with store(for new product): new form props 1`] = `
Object {
  "initialValues": Object {
    "accountabilityPeriod": undefined,
    "appropriateUsage": "",
    "availability": "",
    "condition": "",
    "isAttractiveItem": undefined,
    "materialNumber": "",
    "productName": "",
    "productPhoto": "",
    "uniqueId": undefined,
  },
  "redirectAfterAction": "/product-catalogue",
}
`;
